300-row preview + commit + replay seconds: 4.471
300-row arithmetic + email/Stripe checks and representative PDF/XLSX seconds: 5.947
..
=============================== warnings summary ===============================
tests/test_norwich_scale_and_isolation.py::test_300_row_messy_roster_preview_commit_and_replay
  /root/offtaker-audit-2026-09-19/api/app.py:559: DeprecationWarning: 
          on_event is deprecated, use lifespan event handlers instead.
  
          Read more about it in the
          [FastAPI docs for Lifespan Events](https://fastapi.tiangolo.com/advanced/events/).
          
    @app.on_event("startup")

tests/test_norwich_scale_and_isolation.py::test_300_row_messy_roster_preview_commit_and_replay
  /root/solar-operator/venv/lib/python3.12/site-packages/fastapi/applications.py:4495: DeprecationWarning: 
          on_event is deprecated, use lifespan event handlers instead.
  
          Read more about it in the
          [FastAPI docs for Lifespan Events](https://fastapi.tiangolo.com/advanced/events/).
          
    return self.router.on_event(event_type)

tests/test_norwich_scale_and_isolation.py: 1307 warnings
  /root/offtaker-audit-2026-09-19/api/models.py:71: DeprecationWarning: datetime.datetime.utcnow() is deprecated and scheduled for removal in a future version. Use timezone-aware objects to represent datetimes in UTC: datetime.datetime.now(datetime.UTC).
    return datetime.utcnow()

tests/test_norwich_scale_and_isolation.py: 301 warnings
  /root/offtaker-audit-2026-09-19/api/billing/delivery.py:42: DeprecationWarning: datetime.datetime.utcnow() is deprecated and scheduled for removal in a future version. Use timezone-aware objects to represent datetimes in UTC: datetime.datetime.now(datetime.UTC).
    after = after or datetime.utcnow()

tests/test_norwich_scale_and_isolation.py: 301 warnings
  /root/offtaker-audit-2026-09-19/api/email_copy_overrides.py:40: DeprecationWarning: datetime.datetime.utcnow() is deprecated and scheduled for removal in a future version. Use timezone-aware objects to represent datetimes in UTC: datetime.datetime.now(datetime.UTC).
    return datetime.utcnow()

tests/test_norwich_scale_and_isolation.py::test_300_row_messy_roster_preview_commit_and_replay
  /root/solar-operator/venv/lib/python3.12/site-packages/reportlab/lib/rl_safe_eval.py:12: DeprecationWarning: ast.NameConstant is deprecated and will be removed in Python 3.14; use ast.Constant instead
    haveNameConstant = hasattr(ast,'NameConstant')

-- Docs: https://docs.pytest.org/en/stable/how-to/capture-warnings.html
2 passed, 1912 warnings in 9.69s
